[Os_N16_B64_s1] INIT align 0.1515 mse 1.3261 attn.out norm b0 0.4596 b1 0.4615
[Os_N16_B64_s1] step 0 mse 1.3261 align 0.152 ao_norm 0.460/0.461 t=0s
[Os_N16_B64_s1] step 1000 mse 1.0581 align 0.174 ao_norm 0.460/0.461 t=11s
[Os_N16_B64_s1] step 2000 mse 1.0602 align 0.288 ao_norm 0.460/0.461 t=23s
[Os_N16_B64_s1] step 3000 mse 1.0619 align 0.283 ao_norm 0.460/0.461 t=35s
[Os_N16_B64_s1] step 4000 mse 1.0546 align 0.311 ao_norm 0.460/0.461 t=46s
[Os_N16_B64_s1] step 5000 mse 1.0544 align 0.252 ao_norm 0.460/0.461 t=57s
[Os_N16_B64_s1] step 6000 mse 1.0543 align 0.232 ao_norm 0.460/0.461 t=69s
[Os_N16_B64_s1] step 7000 mse 1.0574 align 0.238 ao_norm 0.460/0.461 t=80s
[Os_N16_B64_s1] step 8000 mse 1.0577 align 0.262 ao_norm 0.460/0.461 t=91s
[Os_N16_B64_s1] step 9000 mse 1.0548 align 0.295 ao_norm 0.460/0.461 t=103s
[Os_N16_B64_s1] step 10000 mse 1.0582 align 0.248 ao_norm 0.460/0.461 t=114s
[Os_N16_B64_s1] step 11000 mse 1.0566 align 0.274 ao_norm 0.460/0.461 t=126s
[Os_N16_B64_s1] step 12000 mse 1.0572 align 0.262 ao_norm 0.460/0.461 t=137s
[Os_N16_B64_s1] step 13000 mse 1.0563 align 0.235 ao_norm 0.460/0.461 t=148s
[Os_N16_B64_s1] step 14000 mse 1.0578 align 0.269 ao_norm 0.460/0.461 t=159s
[Os_N16_B64_s1] step 15000 mse 1.0567 align 0.221 ao_norm 0.460/0.461 t=171s
[Os_N16_B64_s1] step 16000 mse 1.0595 align 0.223 ao_norm 0.460/0.461 t=182s
[Os_N16_B64_s1] step 17000 mse 1.0558 align 0.199 ao_norm 0.460/0.461 t=193s
[Os_N16_B64_s1] step 18000 mse 1.0575 align 0.194 ao_norm 0.460/0.461 t=204s
[Os_N16_B64_s1] step 19000 mse 1.0580 align 0.215 ao_norm 0.460/0.461 t=216s
[Os_N16_B64_s1] step 20000 mse 1.0615 align 0.231 ao_norm 0.460/0.461 t=228s
[Os_N16_B64_s1] step 21000 mse 1.0570 align 0.235 ao_norm 0.460/0.461 t=239s
[Os_N16_B64_s1] step 22000 mse 1.0544 align 0.189 ao_norm 0.460/0.461 t=250s
[Os_N16_B64_s1] step 23000 mse 1.0577 align 0.167 ao_norm 0.460/0.461 t=262s
[Os_N16_B64_s1] step 24000 mse 1.0585 align 0.160 ao_norm 0.460/0.461 t=273s
[Os_N16_B64_s1] step 25000 mse 1.0569 align 0.206 ao_norm 0.460/0.461 t=285s
[Os_N16_B64_s1] step 26000 mse 1.0573 align 0.241 ao_norm 0.460/0.461 t=296s
[Os_N16_B64_s1] step 27000 mse 1.0546 align 0.230 ao_norm 0.460/0.461 t=308s
[Os_N16_B64_s1] step 28000 mse 1.0558 align 0.211 ao_norm 0.460/0.461 t=319s
[Os_N16_B64_s1] step 29000 mse 1.0574 align 0.206 ao_norm 0.460/0.461 t=331s
[Os_N16_B64_s1] step 30000 mse 1.0579 align 0.230 ao_norm 0.460/0.461 t=342s
DONE {'proto': 'Os', 'N': 16, 'B': 64, 'seed': 1, 'steps_run': 30000, 'Te05': None, 'Te025': None, 'reached05': 0, 'reached025': 0, 'final_mse': 1.0578847080469131, 'min_mse': 1.0530728548765182, 'init_mse': 1.3261292651295662, 'init_align': 0.15154877305030823, 'final_align': 0.22992967069149017, 'max_align': 0.3202187418937683, 'ao0_norm_init': 0.4595668613910675, 'ao0_norm_final': 0.4595668613910675, 'ao1_norm_init': 0.4614940583705902, 'ao1_norm_final': 0.4614940583705902, 'censored_by': 'max_steps', 'wall_s': 342.1, 'cpu_s': 340.4, 'threads': 1}
[O1_N256_B64_s0] INIT align 0.1261 mse 1.8581 attn.out norm b0 4.6428 b1 4.6174
[O1_N256_B64_s0] step 0 mse 1.8581 align 0.126 ao_norm 4.643/4.617 t=4s
[O1_N256_B64_s0] step 1000 mse 1.1373 align 0.167 ao_norm 4.643/4.617 t=300s
[O1_N256_B64_s0] step 2000 mse 1.1456 align 0.175 ao_norm 4.643/4.617 t=592s
[O1_N256_B64_s0] step 3000 mse 1.1377 align 0.216 ao_norm 4.643/4.617 t=891s
[O1_N256_B64_s0] step 4000 mse 1.1373 align 0.233 ao_norm 4.643/4.617 t=1183s
[O1_N256_B64_s0] step 5000 mse 1.1371 align 0.247 ao_norm 4.643/4.617 t=1478s
[O1_N256_B64_s0] step 6000 mse 1.1398 align 0.270 ao_norm 4.643/4.617 t=1772s
[O1_N256_B64_s0] step 7000 mse 1.1372 align 0.213 ao_norm 4.643/4.617 t=2065s
[O1_N256_B64_s0] step 8000 mse 1.1399 align 0.219 ao_norm 4.643/4.617 t=2359s
[O1_N256_B64_s0] step 9000 mse 1.1371 align 0.300 ao_norm 4.643/4.617 t=2654s
[O1_N256_B64_s0] step 10000 mse 1.1376 align 0.221 ao_norm 4.643/4.617 t=2947s
[O1_N256_B64_s0] step 11000 mse 1.1377 align 0.288 ao_norm 4.643/4.617 t=3239s
[O1_N256_B64_s0] step 12000 mse 1.1369 align 0.297 ao_norm 4.643/4.617 t=3531s
[O1_N256_B64_s0] step 13000 mse 1.1373 align 0.316 ao_norm 4.643/4.617 t=3822s
DONE {'proto': 'O1', 'N': 256, 'B': 64, 'seed': 0, 'steps_run': 13800, 'Te05': 13600, 'Te025': 13800, 'reached05': 1, 'reached025': 1, 'final_mse': 0.18090642057359219, 'min_mse': 0.18090642057359219, 'init_mse': 1.8581242859363556, 'init_align': 0.12613952159881592, 'final_align': 0.9713166952133179, 'max_align': 0.9713166952133179, 'ao0_norm_init': 4.642782211303711, 'ao0_norm_final': 4.642782211303711, 'ao1_norm_init': 4.6174187660217285, 'ao1_norm_final': 4.6174187660217285, 'censored_by': '', 'wall_s': 4056.3, 'cpu_s': 4024.5, 'threads': 1}
[O1_N16_B64_s0] INIT align 0.1261 mse 1.5266 attn.out norm b0 4.6428 b1 4.6174
[O1_N16_B64_s0] step 0 mse 1.5266 align 0.126 ao_norm 4.643/4.617 t=0s
[O1_N16_B64_s0] step 1000 mse 0.8342 align 0.108 ao_norm 4.643/4.617 t=12s
[O1_N16_B64_s0] step 2000 mse 0.8343 align 0.166 ao_norm 4.643/4.617 t=23s
[O1_N16_B64_s0] step 3000 mse 0.8315 align 0.185 ao_norm 4.643/4.617 t=34s
[O1_N16_B64_s0] step 4000 mse 0.8317 align 0.266 ao_norm 4.643/4.617 t=45s
[O1_N16_B64_s0] step 5000 mse 0.8320 align 0.281 ao_norm 4.643/4.617 t=56s
[O1_N16_B64_s0] step 6000 mse 0.8316 align 0.252 ao_norm 4.643/4.617 t=67s
[O1_N16_B64_s0] step 7000 mse 0.8347 align 0.264 ao_norm 4.643/4.617 t=78s
[O1_N16_B64_s0] step 8000 mse 0.8315 align 0.268 ao_norm 4.643/4.617 t=90s
[O1_N16_B64_s0] step 9000 mse 0.8312 align 0.280 ao_norm 4.643/4.617 t=101s
[O1_N16_B64_s0] step 10000 mse 0.8315 align 0.325 ao_norm 4.643/4.617 t=112s
[O1_N16_B64_s0] step 11000 mse 0.8310 align 0.327 ao_norm 4.643/4.617 t=123s
[O1_N16_B64_s0] step 12000 mse 0.8318 align 0.324 ao_norm 4.643/4.617 t=134s
[O1_N16_B64_s0] step 13000 mse 0.8314 align 0.311 ao_norm 4.643/4.617 t=146s
[O1_N16_B64_s0] step 14000 mse 0.8322 align 0.341 ao_norm 4.643/4.617 t=157s
[O1_N16_B64_s0] step 15000 mse 0.8312 align 0.337 ao_norm 4.643/4.617 t=168s
[O1_N16_B64_s0] step 16000 mse 0.8313 align 0.367 ao_norm 4.643/4.617 t=180s
[O1_N16_B64_s0] step 17000 mse 0.8327 align 0.391 ao_norm 4.643/4.617 t=191s
[O1_N16_B64_s0] step 18000 mse 0.8321 align 0.322 ao_norm 4.643/4.617 t=202s
[O1_N16_B64_s0] step 19000 mse 0.8314 align 0.263 ao_norm 4.643/4.617 t=213s
[O1_N16_B64_s0] step 20000 mse 0.8312 align 0.310 ao_norm 4.643/4.617 t=224s
[O1_N16_B64_s0] step 21000 mse 0.8313 align 0.274 ao_norm 4.643/4.617 t=235s
[O1_N16_B64_s0] step 22000 mse 0.8313 align 0.248 ao_norm 4.643/4.617 t=246s
[O1_N16_B64_s0] step 23000 mse 0.8312 align 0.283 ao_norm 4.643/4.617 t=258s
[O1_N16_B64_s0] step 24000 mse 0.8317 align 0.279 ao_norm 4.643/4.617 t=269s
[O1_N16_B64_s0] step 25000 mse 0.8312 align 0.257 ao_norm 4.643/4.617 t=280s
[O1_N16_B64_s0] step 26000 mse 0.8313 align 0.290 ao_norm 4.643/4.617 t=291s
[O1_N16_B64_s0] step 27000 mse 0.8311 align 0.354 ao_norm 4.643/4.617 t=302s
[O1_N16_B64_s0] step 28000 mse 0.8310 align 0.386 ao_norm 4.643/4.617 t=313s
[O1_N16_B64_s0] step 29000 mse 0.8311 align 0.320 ao_norm 4.643/4.617 t=325s
[O1_N16_B64_s0] step 30000 mse 0.8312 align 0.222 ao_norm 4.643/4.617 t=337s
DONE {'proto': 'O1', 'N': 16, 'B': 64, 'seed': 0, 'steps_run': 30000, 'Te05': None, 'Te025': None, 'reached05': 0, 'reached025': 0, 'final_mse': 0.8311761543154716, 'min_mse': 0.8304350674152374, 'init_mse': 1.5265501588582993, 'init_align': 0.12613952159881592, 'final_align': 0.22201992571353912, 'max_align': 0.4056180715560913, 'ao0_norm_init': 4.642782211303711, 'ao0_norm_final': 4.642782211303711, 'ao1_norm_init': 4.6174187660217285, 'ao1_norm_final': 4.6174187660217285, 'censored_by': 'max_steps', 'wall_s': 336.6, 'cpu_s': 335.0, 'threads': 1}
[O1_N16_B64_s1] INIT align 0.1515 mse 1.3436 attn.out norm b0 4.5957 b1 4.6149
[O1_N16_B64_s1] step 0 mse 1.3436 align 0.152 ao_norm 4.596/4.615 t=0s
[O1_N16_B64_s1] step 1000 mse 1.0623 align 0.156 ao_norm 4.596/4.615 t=12s
[O1_N16_B64_s1] step 2000 mse 1.0621 align 0.258 ao_norm 4.596/4.615 t=23s
[O1_N16_B64_s1] step 3000 mse 1.0624 align 0.350 ao_norm 4.596/4.615 t=34s
[O1_N16_B64_s1] step 4000 mse 1.0537 align 0.309 ao_norm 4.596/4.615 t=46s
[O1_N16_B64_s1] step 5000 mse 1.0544 align 0.297 ao_norm 4.596/4.615 t=57s
[O1_N16_B64_s1] step 6000 mse 1.0549 align 0.238 ao_norm 4.596/4.615 t=68s
[O1_N16_B64_s1] step 7000 mse 1.0577 align 0.191 ao_norm 4.596/4.615 t=79s
[O1_N16_B64_s1] step 8000 mse 1.0572 align 0.195 ao_norm 4.596/4.615 t=91s
[O1_N16_B64_s1] step 9000 mse 1.0548 align 0.252 ao_norm 4.596/4.615 t=102s
[O1_N16_B64_s1] step 10000 mse 1.0582 align 0.195 ao_norm 4.596/4.615 t=114s
[O1_N16_B64_s1] step 11000 mse 1.0564 align 0.182 ao_norm 4.596/4.615 t=126s
[O1_N16_B64_s1] step 12000 mse 1.0574 align 0.260 ao_norm 4.596/4.615 t=137s
[O1_N16_B64_s1] step 13000 mse 1.0565 align 0.277 ao_norm 4.596/4.615 t=148s
[O1_N16_B64_s1] step 14000 mse 1.0569 align 0.254 ao_norm 4.596/4.615 t=160s
[O1_N16_B64_s1] step 15000 mse 1.0567 align 0.204 ao_norm 4.596/4.615 t=171s
[O1_N16_B64_s1] step 16000 mse 1.0593 align 0.220 ao_norm 4.596/4.615 t=182s
[O1_N16_B64_s1] step 17000 mse 1.0558 align 0.296 ao_norm 4.596/4.615 t=193s
[O1_N16_B64_s1] step 18000 mse 1.0574 align 0.338 ao_norm 4.596/4.615 t=204s
[O1_N16_B64_s1] step 19000 mse 1.0580 align 0.298 ao_norm 4.596/4.615 t=215s
[O1_N16_B64_s1] step 20000 mse 1.0615 align 0.379 ao_norm 4.596/4.615 t=226s
[O1_N16_B64_s1] step 21000 mse 1.0569 align 0.342 ao_norm 4.596/4.615 t=237s
[O1_N16_B64_s1] step 22000 mse 1.0544 align 0.254 ao_norm 4.596/4.615 t=248s
[O1_N16_B64_s1] step 23000 mse 1.0577 align 0.313 ao_norm 4.596/4.615 t=259s
[O1_N16_B64_s1] step 24000 mse 1.0585 align 0.257 ao_norm 4.596/4.615 t=270s
[O1_N16_B64_s1] step 25000 mse 1.0567 align 0.290 ao_norm 4.596/4.615 t=282s
[O1_N16_B64_s1] step 26000 mse 1.0572 align 0.279 ao_norm 4.596/4.615 t=293s
[O1_N16_B64_s1] step 27000 mse 1.0547 align 0.282 ao_norm 4.596/4.615 t=305s
[O1_N16_B64_s1] step 28000 mse 1.0556 align 0.210 ao_norm 4.596/4.615 t=317s
[O1_N16_B64_s1] step 29000 mse 1.0575 align 0.250 ao_norm 4.596/4.615 t=330s
[O1_N16_B64_s1] step 30000 mse 1.0579 align 0.231 ao_norm 4.596/4.615 t=343s
DONE {'proto': 'O1', 'N': 16, 'B': 64, 'seed': 1, 'steps_run': 30000, 'Te05': None, 'Te025': None, 'reached05': 0, 'reached025': 0, 'final_mse': 1.0579250901937485, 'min_mse': 1.0529998615384102, 'init_mse': 1.3435568287968636, 'init_align': 0.15154877305030823, 'final_align': 0.23082809150218964, 'max_align': 0.3792480528354645, 'ao0_norm_init': 4.595668315887451, 'ao0_norm_final': 4.595668315887451, 'ao1_norm_init': 4.614940643310547, 'ao1_norm_final': 4.614940643310547, 'censored_by': 'max_steps', 'wall_s': 342.6, 'cpu_s': 340.9, 'threads': 1}
