skip k2_d32_N256_softmax_s0
skip k2_d32_N64_softmax_s0
skip k2_d32_N16_softmax_s0
skip k2_d32_N256_softmax_s1
skip k2_d32_N64_softmax_s1
skip k2_d32_N16_softmax_s1
skip k2_d32_N256_softmax_s2
skip k2_d32_N64_softmax_s2
skip k2_d32_N16_softmax_s2
[k1_d32_N256_softmax_s0] step 0 mse 1.5135 align 0.432 t=2s
DONE {'k': 1, 'd': 32, 'N': 256, 'attn': 'softmax', 'inweight': 0, 'seed': 0, 'steps_run': 200, 'Te05': 200, 'Te01': 200, 'final_mse': 0.08773574978113174, 'wall_s': 14.9, 'cpu_s': 57.8}
[k1_d32_N64_softmax_s0] step 0 mse 1.5350 align 0.432 t=0s
DONE {'k': 1, 'd': 32, 'N': 64, 'attn': 'softmax', 'inweight': 0, 'seed': 0, 'steps_run': 200, 'Te05': 200, 'Te01': 200, 'final_mse': 0.050068083219230175, 'wall_s': 7.6, 'cpu_s': 29.9}
[k1_d32_N16_softmax_s0] step 0 mse 1.4277 align 0.432 t=0s
DONE {'k': 1, 'd': 32, 'N': 16, 'attn': 'softmax', 'inweight': 0, 'seed': 0, 'steps_run': 200, 'Te05': 200, 'Te01': 200, 'final_mse': 0.04767053388059139, 'wall_s': 7.2, 'cpu_s': 28.5}
[k2_d32_N64_softmax_s0_iw] step 0 mse 1.4239 align 0.432 t=0s
DONE {'k': 2, 'd': 32, 'N': 64, 'attn': 'softmax', 'inweight': 1, 'seed': 0, 'steps_run': 200, 'Te05': 200, 'Te01': 200, 'final_mse': 0.026441236026585102, 'wall_s': 8.5, 'cpu_s': 33.5}
[k1_d32_N256_softmax_s1] step 0 mse 1.2112 align 0.554 t=2s
DONE {'k': 1, 'd': 32, 'N': 256, 'attn': 'softmax', 'inweight': 0, 'seed': 1, 'steps_run': 200, 'Te05': 200, 'Te01': 200, 'final_mse': 0.06598266959190369, 'wall_s': 12.9, 'cpu_s': 50.7}
[k1_d32_N64_softmax_s1] step 0 mse 1.2398 align 0.554 t=0s
DONE {'k': 1, 'd': 32, 'N': 64, 'attn': 'softmax', 'inweight': 0, 'seed': 1, 'steps_run': 200, 'Te05': 200, 'Te01': 200, 'final_mse': 0.021237086039036512, 'wall_s': 7.5, 'cpu_s': 29.9}
[k1_d32_N16_softmax_s1] step 0 mse 1.2216 align 0.554 t=0s
DONE {'k': 1, 'd': 32, 'N': 16, 'attn': 'softmax', 'inweight': 0, 'seed': 1, 'steps_run': 200, 'Te05': 200, 'Te01': 200, 'final_mse': 0.020484673092141747, 'wall_s': 7.0, 'cpu_s': 27.7}
[k2_d32_N64_softmax_s1_iw] step 0 mse 1.3784 align 0.554 t=0s
DONE {'k': 2, 'd': 32, 'N': 64, 'attn': 'softmax', 'inweight': 1, 'seed': 1, 'steps_run': 200, 'Te05': 200, 'Te01': 200, 'final_mse': 0.03349716542288661, 'wall_s': 7.5, 'cpu_s': 29.7}
[k1_d32_N256_softmax_s2] step 0 mse 1.4580 align 0.448 t=2s
DONE {'k': 1, 'd': 32, 'N': 256, 'attn': 'softmax', 'inweight': 0, 'seed': 2, 'steps_run': 200, 'Te05': 200, 'Te01': 200, 'final_mse': 0.0885839257389307, 'wall_s': 13.0, 'cpu_s': 51.2}
[k1_d32_N64_softmax_s2] step 0 mse 1.3796 align 0.448 t=0s
DONE {'k': 1, 'd': 32, 'N': 64, 'attn': 'softmax', 'inweight': 0, 'seed': 2, 'steps_run': 200, 'Te05': 200, 'Te01': 200, 'final_mse': 0.031775034964084625, 'wall_s': 7.2, 'cpu_s': 28.6}
[k1_d32_N16_softmax_s2] step 0 mse 1.4014 align 0.448 t=0s
DONE {'k': 1, 'd': 32, 'N': 16, 'attn': 'softmax', 'inweight': 0, 'seed': 2, 'steps_run': 200, 'Te05': 200, 'Te01': 200, 'final_mse': 0.02213705307804048, 'wall_s': 6.9, 'cpu_s': 27.3}
[k2_d32_N64_softmax_s2_iw] step 0 mse 1.3651 align 0.448 t=0s
DONE {'k': 2, 'd': 32, 'N': 64, 'attn': 'softmax', 'inweight': 1, 'seed': 2, 'steps_run': 200, 'Te05': 200, 'Te01': 200, 'final_mse': 0.03047051653265953, 'wall_s': 7.2, 'cpu_s': 28.6}
[k2_d32_N256_linear_s0] step 0 mse 1.5047 align 0.432 t=4s
[k2_d32_N256_linear_s0] step 2000 mse 1.1464 align 0.441 t=238s
[k2_d32_N256_linear_s0] step 4000 mse 1.1449 align 0.479 t=475s
[k2_d32_N256_linear_s0] step 6000 mse 1.1451 align 0.440 t=719s
[k2_d32_N256_linear_s0] step 8000 mse 1.1451 align 0.446 t=964s
