[w0] start rbf_sgd_N1024_B64_s0
    rbf_sgd_N1024_B64_s0 step=10000 m=+0.135 max|m|=0.139 cpu=231s
    rbf_sgd_N1024_B64_s0 step=20000 m=+0.143 max|m|=0.143 cpu=464s
    rbf_sgd_N1024_B64_s0 step=30000 m=+0.160 max|m|=0.160 cpu=694s
    rbf_sgd_N1024_B64_s0 step=40000 m=+0.186 max|m|=0.186 cpu=927s
    rbf_sgd_N1024_B64_s0 step=50000 m=+0.231 max|m|=0.231 cpu=1164s
    rbf_sgd_N1024_B64_s0 step=60000 m=+0.351 max|m|=0.351 cpu=1395s
[w0] done rbf_sgd_N1024_B64_s0 steps=63865 T05=63865 max|m|=0.500 max_dm=0.003 cpu=1487s censored_by=
[w0] start rbf_sgd_N16_B64_s0
    rbf_sgd_N16_B64_s0 step=10000 m=+0.123 max|m|=0.137 cpu=8s
    rbf_sgd_N16_B64_s0 step=20000 m=+0.127 max|m|=0.146 cpu=15s
    rbf_sgd_N16_B64_s0 step=30000 m=+0.130 max|m|=0.146 cpu=23s
    rbf_sgd_N16_B64_s0 step=40000 m=+0.125 max|m|=0.146 cpu=30s
    rbf_sgd_N16_B64_s0 step=50000 m=+0.123 max|m|=0.146 cpu=38s
    rbf_sgd_N16_B64_s0 step=60000 m=+0.111 max|m|=0.146 cpu=45s
    rbf_sgd_N16_B64_s0 step=70000 m=+0.097 max|m|=0.146 cpu=52s
    rbf_sgd_N16_B64_s0 step=80000 m=+0.081 max|m|=0.146 cpu=60s
    rbf_sgd_N16_B64_s0 step=90000 m=+0.075 max|m|=0.146 cpu=68s
    rbf_sgd_N16_B64_s0 step=100000 m=+0.054 max|m|=0.146 cpu=76s
    rbf_sgd_N16_B64_s0 step=110000 m=+0.051 max|m|=0.146 cpu=83s
    rbf_sgd_N16_B64_s0 step=120000 m=+0.047 max|m|=0.146 cpu=91s
    rbf_sgd_N16_B64_s0 step=130000 m=+0.023 max|m|=0.146 cpu=98s
    rbf_sgd_N16_B64_s0 step=140000 m=+0.030 max|m|=0.146 cpu=106s
    rbf_sgd_N16_B64_s0 step=150000 m=+0.025 max|m|=0.146 cpu=113s
    rbf_sgd_N16_B64_s0 step=160000 m=+0.019 max|m|=0.146 cpu=121s
    rbf_sgd_N16_B64_s0 step=170000 m=+0.012 max|m|=0.146 cpu=128s
    rbf_sgd_N16_B64_s0 step=180000 m=+0.028 max|m|=0.146 cpu=136s
    rbf_sgd_N16_B64_s0 step=190000 m=+0.026 max|m|=0.146 cpu=143s
    rbf_sgd_N16_B64_s0 step=200000 m=+0.022 max|m|=0.146 cpu=151s
    rbf_sgd_N16_B64_s0 step=210000 m=+0.017 max|m|=0.146 cpu=159s
    rbf_sgd_N16_B64_s0 step=220000 m=+0.020 max|m|=0.146 cpu=167s
    rbf_sgd_N16_B64_s0 step=230000 m=+0.026 max|m|=0.146 cpu=175s
    rbf_sgd_N16_B64_s0 step=240000 m=+0.027 max|m|=0.146 cpu=182s
    rbf_sgd_N16_B64_s0 step=250000 m=+0.031 max|m|=0.146 cpu=190s
    rbf_sgd_N16_B64_s0 step=260000 m=-0.002 max|m|=0.146 cpu=197s
    rbf_sgd_N16_B64_s0 step=270000 m=-0.001 max|m|=0.146 cpu=206s
    rbf_sgd_N16_B64_s0 step=280000 m=-0.002 max|m|=0.146 cpu=213s
    rbf_sgd_N16_B64_s0 step=290000 m=+0.003 max|m|=0.146 cpu=221s
    rbf_sgd_N16_B64_s0 step=300000 m=+0.007 max|m|=0.146 cpu=229s
    rbf_sgd_N16_B64_s0 step=310000 m=+0.009 max|m|=0.146 cpu=236s
    rbf_sgd_N16_B64_s0 step=320000 m=+0.011 max|m|=0.146 cpu=244s
    rbf_sgd_N16_B64_s0 step=330000 m=+0.000 max|m|=0.146 cpu=251s
    rbf_sgd_N16_B64_s0 step=340000 m=-0.017 max|m|=0.146 cpu=259s
    rbf_sgd_N16_B64_s0 step=350000 m=-0.015 max|m|=0.146 cpu=267s
    rbf_sgd_N16_B64_s0 step=360000 m=-0.011 max|m|=0.146 cpu=275s
    rbf_sgd_N16_B64_s0 step=370000 m=+0.002 max|m|=0.146 cpu=282s
    rbf_sgd_N16_B64_s0 step=380000 m=+0.013 max|m|=0.146 cpu=289s
    rbf_sgd_N16_B64_s0 step=390000 m=+0.010 max|m|=0.146 cpu=297s
    rbf_sgd_N16_B64_s0 step=400000 m=+0.016 max|m|=0.146 cpu=305s
    rbf_sgd_N16_B64_s0 step=410000 m=+0.006 max|m|=0.146 cpu=312s
    rbf_sgd_N16_B64_s0 step=420000 m=+0.003 max|m|=0.146 cpu=320s
    rbf_sgd_N16_B64_s0 step=430000 m=+0.015 max|m|=0.146 cpu=328s
    rbf_sgd_N16_B64_s0 step=440000 m=+0.022 max|m|=0.146 cpu=336s
    rbf_sgd_N16_B64_s0 step=450000 m=+0.009 max|m|=0.146 cpu=344s
    rbf_sgd_N16_B64_s0 step=460000 m=+0.002 max|m|=0.146 cpu=351s
    rbf_sgd_N16_B64_s0 step=470000 m=-0.008 max|m|=0.146 cpu=359s
    rbf_sgd_N16_B64_s0 step=480000 m=-0.022 max|m|=0.146 cpu=367s
    rbf_sgd_N16_B64_s0 step=490000 m=-0.012 max|m|=0.146 cpu=375s
    rbf_sgd_N16_B64_s0 step=500000 m=+0.012 max|m|=0.146 cpu=383s
[w0] done rbf_sgd_N16_B64_s0 steps=500000 T05=-1 max|m|=0.146 max_dm=0.018 cpu=383s censored_by=cap
[w0] start rbf_sgd_N16_B64_s1
    rbf_sgd_N16_B64_s1 step=10000 m=+0.110 max|m|=0.126 cpu=8s
    rbf_sgd_N16_B64_s1 step=20000 m=+0.097 max|m|=0.126 cpu=15s
    rbf_sgd_N16_B64_s1 step=30000 m=+0.070 max|m|=0.126 cpu=22s
    rbf_sgd_N16_B64_s1 step=40000 m=+0.061 max|m|=0.126 cpu=30s
    rbf_sgd_N16_B64_s1 step=50000 m=+0.045 max|m|=0.126 cpu=37s
    rbf_sgd_N16_B64_s1 step=60000 m=+0.039 max|m|=0.126 cpu=45s
    rbf_sgd_N16_B64_s1 step=70000 m=+0.023 max|m|=0.126 cpu=53s
    rbf_sgd_N16_B64_s1 step=80000 m=+0.023 max|m|=0.126 cpu=61s
    rbf_sgd_N16_B64_s1 step=90000 m=+0.018 max|m|=0.126 cpu=69s
    rbf_sgd_N16_B64_s1 step=100000 m=-0.004 max|m|=0.126 cpu=76s
    rbf_sgd_N16_B64_s1 step=110000 m=+0.018 max|m|=0.126 cpu=83s
    rbf_sgd_N16_B64_s1 step=120000 m=+0.007 max|m|=0.126 cpu=91s
    rbf_sgd_N16_B64_s1 step=130000 m=+0.005 max|m|=0.126 cpu=98s
    rbf_sgd_N16_B64_s1 step=140000 m=-0.020 max|m|=0.126 cpu=106s
    rbf_sgd_N16_B64_s1 step=150000 m=+0.000 max|m|=0.126 cpu=114s
    rbf_sgd_N16_B64_s1 step=160000 m=+0.008 max|m|=0.126 cpu=122s
    rbf_sgd_N16_B64_s1 step=170000 m=+0.024 max|m|=0.126 cpu=130s
    rbf_sgd_N16_B64_s1 step=180000 m=+0.036 max|m|=0.126 cpu=137s
    rbf_sgd_N16_B64_s1 step=190000 m=+0.038 max|m|=0.126 cpu=144s
    rbf_sgd_N16_B64_s1 step=200000 m=+0.024 max|m|=0.126 cpu=152s
    rbf_sgd_N16_B64_s1 step=210000 m=+0.052 max|m|=0.126 cpu=160s
    rbf_sgd_N16_B64_s1 step=220000 m=+0.033 max|m|=0.126 cpu=167s
    rbf_sgd_N16_B64_s1 step=230000 m=+0.024 max|m|=0.126 cpu=175s
    rbf_sgd_N16_B64_s1 step=240000 m=+0.026 max|m|=0.126 cpu=183s
    rbf_sgd_N16_B64_s1 step=250000 m=+0.010 max|m|=0.126 cpu=190s
    rbf_sgd_N16_B64_s1 step=260000 m=+0.000 max|m|=0.126 cpu=197s
    rbf_sgd_N16_B64_s1 step=270000 m=-0.009 max|m|=0.126 cpu=204s
    rbf_sgd_N16_B64_s1 step=280000 m=-0.015 max|m|=0.126 cpu=212s
    rbf_sgd_N16_B64_s1 step=290000 m=-0.006 max|m|=0.126 cpu=220s
    rbf_sgd_N16_B64_s1 step=300000 m=-0.014 max|m|=0.126 cpu=227s
    rbf_sgd_N16_B64_s1 step=310000 m=-0.014 max|m|=0.126 cpu=234s
    rbf_sgd_N16_B64_s1 step=320000 m=-0.013 max|m|=0.126 cpu=242s
    rbf_sgd_N16_B64_s1 step=330000 m=+0.003 max|m|=0.126 cpu=250s
    rbf_sgd_N16_B64_s1 step=340000 m=-0.001 max|m|=0.126 cpu=257s
    rbf_sgd_N16_B64_s1 step=350000 m=+0.011 max|m|=0.126 cpu=265s
    rbf_sgd_N16_B64_s1 step=360000 m=-0.003 max|m|=0.126 cpu=272s
    rbf_sgd_N16_B64_s1 step=370000 m=-0.006 max|m|=0.126 cpu=280s
    rbf_sgd_N16_B64_s1 step=380000 m=-0.005 max|m|=0.126 cpu=287s
    rbf_sgd_N16_B64_s1 step=390000 m=-0.002 max|m|=0.126 cpu=295s
    rbf_sgd_N16_B64_s1 step=400000 m=+0.017 max|m|=0.126 cpu=303s
    rbf_sgd_N16_B64_s1 step=410000 m=+0.010 max|m|=0.126 cpu=310s
    rbf_sgd_N16_B64_s1 step=420000 m=-0.001 max|m|=0.126 cpu=318s
    rbf_sgd_N16_B64_s1 step=430000 m=+0.014 max|m|=0.126 cpu=325s
    rbf_sgd_N16_B64_s1 step=440000 m=+0.013 max|m|=0.126 cpu=333s
    rbf_sgd_N16_B64_s1 step=450000 m=+0.011 max|m|=0.126 cpu=340s
    rbf_sgd_N16_B64_s1 step=460000 m=+0.026 max|m|=0.126 cpu=347s
    rbf_sgd_N16_B64_s1 step=470000 m=+0.002 max|m|=0.126 cpu=355s
    rbf_sgd_N16_B64_s1 step=480000 m=-0.010 max|m|=0.126 cpu=363s
    rbf_sgd_N16_B64_s1 step=490000 m=-0.004 max|m|=0.126 cpu=371s
    rbf_sgd_N16_B64_s1 step=500000 m=-0.013 max|m|=0.126 cpu=378s
[w0] done rbf_sgd_N16_B64_s1 steps=500000 T05=-1 max|m|=0.126 max_dm=0.024 cpu=378s censored_by=cap
